V3 3
FL C:/Users/m/Desktop/OH/SIXTH/PLB/LABOR/versuch1/Aufgabe1.vhd 2018/11/07.18:39:46 P.20131013
EN work/Aufgabe1 1541613365 \
      FL C:/Users/m/Desktop/OH/SIXTH/PLB/LABOR/versuch1/Aufgabe1.vhd \
      PB ieee/std_logic_1164 1381692176
AR work/Aufgabe1/Behavioral 1541613366 \
      FL C:/Users/m/Desktop/OH/SIXTH/PLB/LABOR/versuch1/Aufgabe1.vhd \
      EN work/Aufgabe1 1541613365
