V3 3
FL C:/Users/m/Desktop/OH/PLB/LABOR/AUFGABEKLAUSUR/DMO.vhd 2015/12/29.18:47:36 P.20131013
EN work/DMO 1451411280 FL C:/Users/m/Desktop/OH/PLB/LABOR/AUFGABEKLAUSUR/DMO.vhd \
      PB ieee/std_logic_1164 1381692176
AR work/DMO/Behavioral 1451411281 \
      FL C:/Users/m/Desktop/OH/PLB/LABOR/AUFGABEKLAUSUR/DMO.vhd EN work/DMO 1451411280
