V3 3
FL C:/Users/m/Desktop/OH/PLB/LABOR/SPI_EMPFAENGER/SPI_RX/SPI_RX.vhd 2015/11/30.10:32:18 P.20131013
EN work/SPI_RX 1448876607 \
      FL C:/Users/m/Desktop/OH/PLB/LABOR/SPI_EMPFAENGER/SPI_RX/SPI_RX.vhd \
      PB ieee/std_logic_1164 1381692176 PB ieee/NUMERIC_STD 1381692181
AR work/SPI_RX/Behavioral 1448876608 \
      FL C:/Users/m/Desktop/OH/PLB/LABOR/SPI_EMPFAENGER/SPI_RX/SPI_RX.vhd \
      EN work/SPI_RX 1448876607
