EN jk_ff NULL C:/Users/m/Desktop/OH/PLB/LABOR/daswe/TEST.vhd sub00/vhpl08 1445614294
AR test behv2 C:/Users/m/Desktop/OH/PLB/LABOR/daswe/TEST.vhd sub00/vhpl06 1445539448
AR test behavior C:/Users/m/Desktop/OH/PLB/LABOR/daswe/TEST.vhd sub00/vhpl05 1445535208
AR test behv C:/Users/m/Desktop/OH/PLB/LABOR/daswe/TEST.vhd sub00/vhpl07 1445540153
EN versuch1 NULL C:/Users/m/Desktop/OH/PLB/LABOR/daswe/Versuch1.vhd sub00/vhpl00 1445446249
AR jk_ff behv C:/Users/m/Desktop/OH/PLB/LABOR/daswe/TEST.vhd sub00/vhpl09 1445614273
AR versuch1 bhv2 C:/Users/m/Desktop/OH/PLB/LABOR/daswe/Versuch1.vhd sub00/vhpl02 1445446251
EN test NULL C:/Users/m/Desktop/OH/PLB/LABOR/daswe/TEST.vhd sub00/vhpl03 1445620961
AR test behavioral C:/Users/m/Desktop/OH/PLB/LABOR/daswe/TEST.vhd sub00/vhpl04 1445620962
AR versuch1 behavioral C:/Users/m/Desktop/OH/PLB/LABOR/daswe/Versuch1.vhd sub00/vhpl01 1445446250
