V3 3
FL C:/Users/m/Desktop/OH/PLB/LABOR/daswe/TEST.vhd 2015/10/23.19:22:38 P.20131013
EN work/TEST 1445620961 FL C:/Users/m/Desktop/OH/PLB/LABOR/daswe/TEST.vhd \
      PB ieee/std_logic_1164 1381692176
AR work/TEST/behavioral 1445620962 \
      FL C:/Users/m/Desktop/OH/PLB/LABOR/daswe/TEST.vhd EN work/TEST 1445620961
