V3 3
FL C:/Users/m/Desktop/OH/PLB/LABOR/probe/pwmpro.vhd 2015/11/05.16:45:59 P.20131013
EN work/pwm 1446738404 FL C:/Users/m/Desktop/OH/PLB/LABOR/probe/pwmpro.vhd \
      PB ieee/std_logic_1164 1381692176 PB ieee/STD_LOGIC_UNSIGNED 1381692179
AR work/pwm/logic 1446738405 \
      FL C:/Users/m/Desktop/OH/PLB/LABOR/probe/pwmpro.vhd EN work/pwm 1446738404
