AR linebuf behavioral C:/Users/m/Desktop/OH/PLB/LABOR/SPI_EMPFAENGER/LineBuf/LineBuf.vhd sub00/vhpl05 1450085532
AR fifo fifo_a C:/Users/m/Desktop/OH/PLB/LABOR/SPI_EMPFAENGER/LineBuf/ipcore_dir/FIFO.vhd sub00/vhpl03 1450085530
EN linebuf NULL C:/Users/m/Desktop/OH/PLB/LABOR/SPI_EMPFAENGER/LineBuf/LineBuf.vhd sub00/vhpl04 1450085531
EN multiply NULL C:/Users/m/Desktop/OH/PLB/LABOR/SPI_EMPFAENGER/LineBuf/ipcore_dir/Multiply.vhd sub00/vhpl00 1450085527
EN fifo NULL C:/Users/m/Desktop/OH/PLB/LABOR/SPI_EMPFAENGER/LineBuf/ipcore_dir/FIFO.vhd sub00/vhpl02 1450085529
AR multiply multiply_a C:/Users/m/Desktop/OH/PLB/LABOR/SPI_EMPFAENGER/LineBuf/ipcore_dir/Multiply.vhd sub00/vhpl01 1450085528
