V3 3
FL C:/Users/m/Desktop/OH/PLB/LABOR/LABOR3A1/CLKDIVIDER.vhd 2015/11/16.13:01:46 P.20131013
EN work/CLKDIVIDER 1447675313 \
      FL C:/Users/m/Desktop/OH/PLB/LABOR/LABOR3A1/CLKDIVIDER.vhd \
      PB ieee/std_logic_1164 1381692176 PB ieee/NUMERIC_STD 1381692181
AR work/CLKDIVIDER/Behavioral 1447675314 \
      FL C:/Users/m/Desktop/OH/PLB/LABOR/LABOR3A1/CLKDIVIDER.vhd \
      EN work/CLKDIVIDER 1447675313
