Release 14.7 - xst P.20131013 (nt64)
Copyright (c) 1995-2013 Xilinx, Inc.  All rights reserved.
--> Parameter TMPDIR set to xst/projnav.tmp


Total REAL time to Xst completion: 2.00 secs
Total CPU time to Xst completion: 2.21 secs
 
--> Parameter xsthdpdir set to xst


Total REAL time to Xst completion: 2.00 secs
Total CPU time to Xst completion: 2.21 secs
 
--> Reading design: Aufgabe1.prj

TABLE OF CONTENTS
  1) Synthesis Options Summary
  2) HDL Compilation
  3) Design Hierarchy Analysis
  4) HDL Analysis
  5) HDL Synthesis
     5.1) HDL Synthesis Report
  6) Advanced HDL Synthesis
     6.1) Advanced HDL Synthesis Report
  7) Low Level Synthesis
  8) Partition Report
  9) Final Report

=========================================================================
*                      Synthesis Options Summary                        *
=========================================================================
---- Source Parameters
Input File Name                    : "Aufgabe1.prj"
Input Format                       : mixed
Ignore Synthesis Constraint File   : NO

---- Target Parameters
Output File Name                   : "Aufgabe1"
Output Format                      : NGC
Target Device                      : XC9500XL CPLDs

---- Source Options
Top Module Name                    : Aufgabe1
Automatic FSM Extraction           : YES
FSM Encoding Algorithm             : Auto
Safe Implementation                : No
Mux Extraction                     : Yes
Resource Sharing                   : YES

---- Target Options
Add IO Buffers                     : YES
MACRO Preserve                     : YES
XOR Preserve                       : YES
Equivalent register Removal        : YES

---- General Options
Optimization Goal                  : Speed
Optimization Effort                : 1
Keep Hierarchy                     : Yes
Netlist Hierarchy                  : As_Optimized
RTL Output                         : Yes
Hierarchy Separator                : /
Bus Delimiter                      : <>
Case Specifier                     : Maintain
Verilog 2001                       : YES

---- Other Options
Clock Enable                       : YES
wysiwyg                            : NO

=========================================================================


=========================================================================
*                          HDL Compilation                              *
=========================================================================
Compiling vhdl file "C:/Users/m/Desktop/OH/SIXTH/PLB/LABOR/laborbra2/Labor2pwm/Aufgabe1.vhd" in Library work.
Architecture behavioral of Entity aufgabe1 is up to date.

=========================================================================
*                     Design Hierarchy Analysis                         *
=========================================================================
Analyzing hierarchy for entity <Aufgabe1> in library <work> (architecture <behavioral>).


=========================================================================
*                            HDL Analysis                               *
=========================================================================
Analyzing Entity <Aufgabe1> in library <work> (Architecture <behavioral>).
WARNING:Xst:819 - "C:/Users/m/Desktop/OH/SIXTH/PLB/LABOR/laborbra2/Labor2pwm/Aufgabe1.vhd" line 68: One or more signals are missing in the process sensitivity list. To enable synthesis of FPGA/CPLD hardware, XST will assume that all necessary signals are present in the sensitivity list. Please note that the result of the synthesis may differ from the initial design specification. The missing signals are:
   <en>
Entity <Aufgabe1> analyzed. Unit <Aufgabe1> generated.


=========================================================================
*                           HDL Synthesis                               *
=========================================================================

Performing bidirectional port resolution...

Synthesizing Unit <Aufgabe1>.
    Related source file is "C:/Users/m/Desktop/OH/SIXTH/PLB/LABOR/laborbra2/Labor2pwm/Aufgabe1.vhd".
WARNING:Xst:737 - Found 1-bit latch for signal <pwm_out>. Latches may be generated from incomplete case or if statements. We do not recommend the use of latches in FPGA/CPLD designs, as they may lead to timing problems.
    Found 8-bit up counter for signal <i>.
    Found 8-bit comparator equal for signal <pwm_out$cmp_eq0001> created at line 71.
    Summary:
	inferred   1 Counter(s).
	inferred   1 Comparator(s).
Unit <Aufgabe1> synthesized.


=========================================================================
HDL Synthesis Report

Macro Statistics
# Counters                                             : 1
 8-bit up counter                                      : 1
# Latches                                              : 1
 1-bit latch                                           : 1
# Comparators                                          : 1
 8-bit comparator equal                                : 1

=========================================================================

=========================================================================
*                       Advanced HDL Synthesis                          *
=========================================================================


=========================================================================
Advanced HDL Synthesis Report

Macro Statistics
# Counters                                             : 1
 8-bit up counter                                      : 1
# Latches                                              : 1
 1-bit latch                                           : 1
# Comparators                                          : 1
 8-bit comparator equal                                : 1

=========================================================================

=========================================================================
*                         Low Level Synthesis                           *
=========================================================================

Optimizing unit <Aufgabe1> ...
  implementation constraint: INIT=r	 : i_6
  implementation constraint: INIT=r	 : i_7
  implementation constraint: INIT=r	 : i_5
  implementation constraint: INIT=r	 : i_0
  implementation constraint: INIT=r	 : i_1
  implementation constraint: INIT=r	 : i_2
  implementation constraint: INIT=r	 : i_3
  implementation constraint: INIT=r	 : i_4

=========================================================================
*                           Partition Report                            *
=========================================================================

Partition Implementation Status
-------------------------------

  No Partitions were found in this design.

-------------------------------

=========================================================================
*                            Final Report                               *
=========================================================================
Final Results
RTL Top Level Output File Name     : Aufgabe1.ngr
Top Level Output File Name         : Aufgabe1
Output Format                      : NGC
Optimization Goal                  : Speed
Keep Hierarchy                     : Yes
Target Technology                  : XC9500XL CPLDs
Macro Preserve                     : YES
XOR Preserve                       : YES
Clock Enable                       : YES
wysiwyg                            : NO

Design Statistics
# IOs                              : 11

Cell Usage :
# BELS                             : 77
#      AND2                        : 16
#      AND3                        : 1
#      AND4                        : 1
#      AND7                        : 1
#      AND8                        : 2
#      INV                         : 38
#      OR2                         : 2
#      VCC                         : 1
#      XOR2                        : 15
# FlipFlops/Latches                : 9
#      FD                          : 8
#      LDC                         : 1
# IO Buffers                       : 11
#      IBUF                        : 10
#      OBUF                        : 1
=========================================================================


Total REAL time to Xst completion: 20.00 secs
Total CPU time to Xst completion: 19.97 secs
 
--> 

Total memory usage is 296316 kilobytes

Number of errors   :    0 (   0 filtered)
Number of warnings :    2 (   0 filtered)
Number of infos    :    0 (   0 filtered)

