V3 3
FL C:/Users/m/Desktop/OH/SIXTH/PLB/LABOR/versch1.1/rs.vhd 2018/10/29.19:12:04 P.20131013
EN work/rs 1540836926 FL C:/Users/m/Desktop/OH/SIXTH/PLB/LABOR/versch1.1/rs.vhd \
      PB ieee/std_logic_1164 1381692176
AR work/rs/Behavioral 1540836927 \
      FL C:/Users/m/Desktop/OH/SIXTH/PLB/LABOR/versch1.1/rs.vhd EN work/rs 1540836926
