V3 3
FL C:/Users/m/Desktop/OH/PLB/LABOR/empfaenger/SPI_RX.vhd 2015/11/28.18:28:08 P.20131013
EN work/SPI_RX 1448874930 \
      FL C:/Users/m/Desktop/OH/PLB/LABOR/empfaenger/SPI_RX.vhd \
      PB ieee/std_logic_1164 1381692176 PB ieee/NUMERIC_STD 1381692181
AR work/SPI_RX/Behavioral 1448874931 \
      FL C:/Users/m/Desktop/OH/PLB/LABOR/empfaenger/SPI_RX.vhd EN work/SPI_RX 1448874930
