V3 3
FL C:/Users/m/Desktop/OH/SIXTH/PLB/LABOR/BRA/braa.vhd 2018/10/29.18:55:11 P.20131013
EN work/braa 1540835720 FL C:/Users/m/Desktop/OH/SIXTH/PLB/LABOR/BRA/braa.vhd \
      PB ieee/std_logic_1164 1381692176
AR work/braa/Behavioral 1540835721 \
      FL C:/Users/m/Desktop/OH/SIXTH/PLB/LABOR/BRA/braa.vhd EN work/braa 1540835720
