V3 3
FL C:/Users/m/Desktop/OH/PLB/LABOR/WATCHDOG/WATCHDOG.vhd 2015/11/15.20:37:09 P.20131013
EN work/WATCHDOG 1447616231 \
      FL C:/Users/m/Desktop/OH/PLB/LABOR/WATCHDOG/WATCHDOG.vhd \
      PB ieee/std_logic_1164 1381692176 PB ieee/NUMERIC_STD 1381692181
AR work/WATCHDOG/Behavioral 1447616232 \
      FL C:/Users/m/Desktop/OH/PLB/LABOR/WATCHDOG/WATCHDOG.vhd EN work/WATCHDOG 1447616231
