V3 3
FL C:/Users/m/Desktop/OH/PLB/LABOR/kaka/akla.vhd 2015/11/12.22:35:45 P.20131013
EN work/akla 1447364147 FL C:/Users/m/Desktop/OH/PLB/LABOR/kaka/akla.vhd \
      PB ieee/std_logic_1164 1381692176 PB ieee/NUMERIC_STD 1381692181
AR work/akla/Behavioral 1447364148 \
      FL C:/Users/m/Desktop/OH/PLB/LABOR/kaka/akla.vhd EN work/akla 1447364147
